$ npm install --legacy-peer-deps
npm warn deprecated inflight@1.0.6: This module is not supported, and leaks memory. Do not use it. Check out lru-cache if you want a good and tested way to coalesce async requests by a key value, which is much more comprehensive and powerful.
npm warn deprecated rimraf@3.0.2: Rimraf versions prior to v4 are no longer supported
npm warn deprecated glob@7.2.3: Glob versions prior to v9 are no longer supported
npm warn deprecated glob@7.2.3: Glob versions prior to v9 are no longer supported

> sponsorflow@2.0.0 postinstall
> prisma generate && node scripts/postinstall.js

Prisma schema loaded from prisma/schema.prisma
warn Preview feature "fullTextIndex" is deprecated. The functionality can be used without specifying it as a preview feature.
Error: Prisma schema validation - (get-dmmf wasm)
Error code: P1012
error: Native type Interval is not supported for postgresql connector.
  -->  prisma/schema.prisma:338
   | 
337 |   reason                 String?   @db.Text
338 |   durationInStage        String?   @map("duration_in_stage") @db.Interval
   | 

Validation Error Count: 1
[Context: getDmmf]

Prisma CLI Version : 6.12.0
npm error code 1
npm error path /cdrom/project/Kanban-Board-SponsorFlow
npm error command failed
npm error command sh -c prisma generate && node scripts/postinstall.js
npm error A complete log of this run can be found in: /home/pete/.npm/_logs/2025-07-27T16_15_23_668Z-debug-0.log

---
$ npm install --legacy-peer-deps
npm warn deprecated inflight@1.0.6: This module is not supported, and leaks memory. Do not use it. Check out lru-cache if you want a good and tested way to coalesce async requests by a key value, which is much more comprehensive and powerful.
npm warn deprecated rimraf@3.0.2: Rimraf versions prior to v4 are no longer supported
npm warn deprecated glob@7.2.3: Glob versions prior to v9 are no longer supported
npm warn deprecated glob@7.2.3: Glob versions prior to v9 are no longer supported

> sponsorflow@2.0.0 postinstall
> prisma generate && node scripts/postinstall.js

Prisma schema loaded from prisma/schema.prisma
warn On `provider = "postgresql"`, preview feature "fullTextSearch" has been renamed to "fullTextSearchPostgres". Learn more at https://pris.ly/d/fts-postgres.
warn Preview feature "fullTextIndex" is deprecated. The functionality can be used without specifying it as a preview feature.
Error: Prisma schema validation - (get-dmmf wasm)
Error code: P1012
error: Native type Interval is not supported for postgresql connector.
  -->  prisma/schema.prisma:338
   | 
337 |   reason                 String?   @db.Text
338 |   durationInStage        String?   @map("duration_in_stage") @db.Interval
   | 

Validation Error Count: 1
[Context: getDmmf]

Prisma CLI Version : 6.12.0
npm error code 1
npm error path /cdrom/project/Kanban-Board-SponsorFlow
npm error command failed
npm error command sh -c prisma generate && node scripts/postinstall.js
npm error A complete log of this run can be found in: /home/pete/.npm/_logs/2025-07-27T16_10_06_994Z-debug-0.log
